// Jest Snapshot v1, https://goo.gl/fbAQLP

exports[`Weather Renders Component According To Snapshot 1`] = `<div />`;
